#! /usr/bin/vvp
:ivl_version "12.0 (stable)";
:ivl_delay_selection "TYPICAL";
:vpi_time_precision - 12;
:vpi_module "/usr/lib/x86_64-linux-gnu/ivl/system.vpi";
:vpi_module "/usr/lib/x86_64-linux-gnu/ivl/vhdl_sys.vpi";
:vpi_module "/usr/lib/x86_64-linux-gnu/ivl/vhdl_textio.vpi";
:vpi_module "/usr/lib/x86_64-linux-gnu/ivl/v2005_math.vpi";
:vpi_module "/usr/lib/x86_64-linux-gnu/ivl/va_math.vpi";
S_0x586c862ddb60 .scope module, "uart_rx_alone_tb" "uart_rx_alone_tb" 2 16;
 .timescale -9 -12;
v0x586c86314b60_0 .var "clk", 0 0;
v0x586c86314c20_0 .var "rst", 0 0;
v0x586c86314cc0_0 .var "rx", 0 0;
v0x586c86314dc0_0 .net "rx_data", 7 0, v0x586c86314500_0;  1 drivers
v0x586c86314e90_0 .net "rx_done", 0 0, v0x586c863145e0_0;  1 drivers
v0x586c86314f30_0 .var "tick", 0 0;
E_0x586c862b1ff0 .event posedge, v0x586c863141b0_0;
S_0x586c862e1230 .scope task, "send_bit" "send_bit" 2 50, 2 50 0, S_0x586c862ddb60;
 .timescale -9 -12;
v0x586c862d9980_0 .var "bit_val", 0 0;
v0x586c862d9a80_0 .var/i "i", 31 0;
E_0x586c862eb460 .event posedge, v0x586c86314900_0;
TD_uart_rx_alone_tb.send_bit ;
    %load/vec4 v0x586c862d9980_0;
    %store/vec4 v0x586c86314cc0_0, 0, 1;
    %pushi/vec4 0, 0, 32;
    %store/vec4 v0x586c862d9a80_0, 0, 32;
T_0.0 ;
    %load/vec4 v0x586c862d9a80_0;
    %cmpi/s 16, 0, 32;
    %jmp/0xz T_0.1, 5;
    %wait E_0x586c862eb460;
    %load/vec4 v0x586c862d9a80_0;
    %addi 1, 0, 32;
    %store/vec4 v0x586c862d9a80_0, 0, 32;
    %jmp T_0.0;
T_0.1 ;
    %end;
S_0x586c86313c30 .scope module, "uut" "uart_rx" 2 32, 3 15 0, S_0x586c862ddb60;
 .timescale 0 0;
    .port_info 0 /INPUT 1 "clk";
    .port_info 1 /INPUT 1 "rst";
    .port_info 2 /INPUT 1 "rx";
    .port_info 3 /INPUT 1 "tick";
    .port_info 4 /OUTPUT 8 "rx_data";
    .port_info 5 /OUTPUT 1 "rx_done";
P_0x586c862facf0 .param/l "DATA" 1 3 26, C4<10>;
P_0x586c862fad30 .param/l "IDLE" 1 3 24, C4<00>;
P_0x586c862fad70 .param/l "START" 1 3 25, C4<01>;
P_0x586c862fadb0 .param/l "STOP" 1 3 27, C4<11>;
v0x586c863140b0_0 .var "bit_reg", 2 0;
v0x586c863141b0_0 .net "clk", 0 0, v0x586c86314b60_0;  1 drivers
v0x586c86314270_0 .var "data_reg", 7 0;
v0x586c86314330_0 .net "rst", 0 0, v0x586c86314c20_0;  1 drivers
v0x586c863143f0_0 .net "rx", 0 0, v0x586c86314cc0_0;  1 drivers
v0x586c86314500_0 .var "rx_data", 7 0;
v0x586c863145e0_0 .var "rx_done", 0 0;
v0x586c863146a0_0 .var "rx_sync1", 0 0;
v0x586c86314760_0 .var "rx_sync2", 0 0;
v0x586c86314820_0 .var "state", 1 0;
v0x586c86314900_0 .net "tick", 0 0, v0x586c86314f30_0;  1 drivers
v0x586c863149c0_0 .var "tick_reg", 3 0;
E_0x586c862d51d0/0 .event negedge, v0x586c86314330_0;
E_0x586c862d51d0/1 .event posedge, v0x586c863141b0_0;
E_0x586c862d51d0 .event/or E_0x586c862d51d0/0, E_0x586c862d51d0/1;
    .scope S_0x586c86313c30;
T_1 ;
    %wait E_0x586c862d51d0;
    %load/vec4 v0x586c86314330_0;
    %nor/r;
    %flag_set/vec4 8;
    %jmp/0xz  T_1.0, 8;
    %pushi/vec4 1, 0, 1;
    %assign/vec4 v0x586c863146a0_0, 0;
    %pushi/vec4 1, 0, 1;
    %assign/vec4 v0x586c86314760_0, 0;
    %jmp T_1.1;
T_1.0 ;
    %load/vec4 v0x586c863143f0_0;
    %assign/vec4 v0x586c863146a0_0, 0;
    %load/vec4 v0x586c863146a0_0;
    %assign/vec4 v0x586c86314760_0, 0;
T_1.1 ;
    %jmp T_1;
    .thread T_1;
    .scope S_0x586c86313c30;
T_2 ;
    %wait E_0x586c862d51d0;
    %load/vec4 v0x586c86314330_0;
    %nor/r;
    %flag_set/vec4 8;
    %jmp/0xz  T_2.0, 8;
    %pushi/vec4 0, 0, 2;
    %assign/vec4 v0x586c86314820_0, 0;
    %pushi/vec4 0, 0, 4;
    %assign/vec4 v0x586c863149c0_0, 0;
    %pushi/vec4 0, 0, 3;
    %assign/vec4 v0x586c863140b0_0, 0;
    %pushi/vec4 0, 0, 8;
    %assign/vec4 v0x586c86314270_0, 0;
    %pushi/vec4 0, 0, 8;
    %assign/vec4 v0x586c86314500_0, 0;
    %pushi/vec4 0, 0, 1;
    %assign/vec4 v0x586c863145e0_0, 0;
    %jmp T_2.1;
T_2.0 ;
    %pushi/vec4 0, 0, 1;
    %assign/vec4 v0x586c863145e0_0, 0;
    %load/vec4 v0x586c86314820_0;
    %dup/vec4;
    %pushi/vec4 0, 0, 2;
    %cmp/u;
    %jmp/1 T_2.2, 6;
    %dup/vec4;
    %pushi/vec4 1, 0, 2;
    %cmp/u;
    %jmp/1 T_2.3, 6;
    %dup/vec4;
    %pushi/vec4 2, 0, 2;
    %cmp/u;
    %jmp/1 T_2.4, 6;
    %dup/vec4;
    %pushi/vec4 3, 0, 2;
    %cmp/u;
    %jmp/1 T_2.5, 6;
    %pushi/vec4 0, 0, 2;
    %assign/vec4 v0x586c86314820_0, 0;
    %jmp T_2.7;
T_2.2 ;
    %load/vec4 v0x586c86314760_0;
    %cmpi/e 0, 0, 1;
    %jmp/0xz  T_2.8, 4;
    %pushi/vec4 1, 0, 2;
    %assign/vec4 v0x586c86314820_0, 0;
    %pushi/vec4 0, 0, 4;
    %assign/vec4 v0x586c863149c0_0, 0;
T_2.8 ;
    %jmp T_2.7;
T_2.3 ;
    %load/vec4 v0x586c86314900_0;
    %flag_set/vec4 8;
    %jmp/0xz  T_2.10, 8;
    %load/vec4 v0x586c863149c0_0;
    %cmpi/e 7, 0, 4;
    %jmp/0xz  T_2.12, 4;
    %pushi/vec4 2, 0, 2;
    %assign/vec4 v0x586c86314820_0, 0;
    %pushi/vec4 0, 0, 4;
    %assign/vec4 v0x586c863149c0_0, 0;
    %pushi/vec4 0, 0, 3;
    %assign/vec4 v0x586c863140b0_0, 0;
    %jmp T_2.13;
T_2.12 ;
    %load/vec4 v0x586c863149c0_0;
    %addi 1, 0, 4;
    %assign/vec4 v0x586c863149c0_0, 0;
T_2.13 ;
T_2.10 ;
    %jmp T_2.7;
T_2.4 ;
    %load/vec4 v0x586c86314900_0;
    %flag_set/vec4 8;
    %jmp/0xz  T_2.14, 8;
    %load/vec4 v0x586c863149c0_0;
    %cmpi/e 15, 0, 4;
    %jmp/0xz  T_2.16, 4;
    %pushi/vec4 0, 0, 4;
    %assign/vec4 v0x586c863149c0_0, 0;
    %load/vec4 v0x586c86314760_0;
    %load/vec4 v0x586c86314270_0;
    %parti/s 7, 1, 2;
    %concat/vec4; draw_concat_vec4
    %assign/vec4 v0x586c86314270_0, 0;
    %load/vec4 v0x586c863140b0_0;
    %cmpi/e 7, 0, 3;
    %jmp/0xz  T_2.18, 4;
    %pushi/vec4 3, 0, 2;
    %assign/vec4 v0x586c86314820_0, 0;
    %jmp T_2.19;
T_2.18 ;
    %load/vec4 v0x586c863140b0_0;
    %addi 1, 0, 3;
    %assign/vec4 v0x586c863140b0_0, 0;
T_2.19 ;
    %jmp T_2.17;
T_2.16 ;
    %load/vec4 v0x586c863149c0_0;
    %addi 1, 0, 4;
    %assign/vec4 v0x586c863149c0_0, 0;
T_2.17 ;
T_2.14 ;
    %jmp T_2.7;
T_2.5 ;
    %load/vec4 v0x586c86314900_0;
    %flag_set/vec4 8;
    %jmp/0xz  T_2.20, 8;
    %load/vec4 v0x586c863149c0_0;
    %cmpi/e 15, 0, 4;
    %jmp/0xz  T_2.22, 4;
    %pushi/vec4 0, 0, 2;
    %assign/vec4 v0x586c86314820_0, 0;
    %load/vec4 v0x586c86314270_0;
    %assign/vec4 v0x586c86314500_0, 0;
    %pushi/vec4 1, 0, 1;
    %assign/vec4 v0x586c863145e0_0, 0;
    %jmp T_2.23;
T_2.22 ;
    %load/vec4 v0x586c863149c0_0;
    %addi 1, 0, 4;
    %assign/vec4 v0x586c863149c0_0, 0;
T_2.23 ;
T_2.20 ;
    %jmp T_2.7;
T_2.7 ;
    %pop/vec4 1;
T_2.1 ;
    %jmp T_2;
    .thread T_2;
    .scope S_0x586c862ddb60;
T_3 ;
    %pushi/vec4 0, 0, 1;
    %store/vec4 v0x586c86314b60_0, 0, 1;
    %pushi/vec4 0, 0, 1;
    %store/vec4 v0x586c86314c20_0, 0, 1;
    %pushi/vec4 1, 0, 1;
    %store/vec4 v0x586c86314cc0_0, 0, 1;
    %pushi/vec4 0, 0, 1;
    %store/vec4 v0x586c86314f30_0, 0, 1;
    %end;
    .thread T_3;
    .scope S_0x586c862ddb60;
T_4 ;
    %delay 10000, 0;
    %load/vec4 v0x586c86314b60_0;
    %inv;
    %store/vec4 v0x586c86314b60_0, 0, 1;
    %jmp T_4;
    .thread T_4;
    .scope S_0x586c862ddb60;
T_5 ;
    %delay 140000, 0;
    %pushi/vec4 1, 0, 1;
    %store/vec4 v0x586c86314f30_0, 0, 1;
    %delay 20000, 0;
    %pushi/vec4 0, 0, 1;
    %store/vec4 v0x586c86314f30_0, 0, 1;
    %jmp T_5;
    .thread T_5;
    .scope S_0x586c862ddb60;
T_6 ;
    %vpi_call 2 63 "$dumpfile", "rx_alone.vcd" {0 0 0};
    %vpi_call 2 64 "$dumpvars", 32'sb00000000000000000000000000000000, S_0x586c862ddb60 {0 0 0};
    %pushi/vec4 0, 0, 1;
    %store/vec4 v0x586c86314c20_0, 0, 1;
    %delay 40000, 0;
    %pushi/vec4 1, 0, 1;
    %store/vec4 v0x586c86314c20_0, 0, 1;
    %delay 100000, 0;
    %vpi_call 2 71 "$display", "[%0t ns] --- Test 1: Sending ASCII 'A' (0x41) ---", $time {0 0 0};
    %pushi/vec4 0, 0, 1;
    %store/vec4 v0x586c862d9980_0, 0, 1;
    %fork TD_uart_rx_alone_tb.send_bit, S_0x586c862e1230;
    %join;
    %pushi/vec4 1, 0, 1;
    %store/vec4 v0x586c862d9980_0, 0, 1;
    %fork TD_uart_rx_alone_tb.send_bit, S_0x586c862e1230;
    %join;
    %pushi/vec4 0, 0, 1;
    %store/vec4 v0x586c862d9980_0, 0, 1;
    %fork TD_uart_rx_alone_tb.send_bit, S_0x586c862e1230;
    %join;
    %pushi/vec4 0, 0, 1;
    %store/vec4 v0x586c862d9980_0, 0, 1;
    %fork TD_uart_rx_alone_tb.send_bit, S_0x586c862e1230;
    %join;
    %pushi/vec4 0, 0, 1;
    %store/vec4 v0x586c862d9980_0, 0, 1;
    %fork TD_uart_rx_alone_tb.send_bit, S_0x586c862e1230;
    %join;
    %pushi/vec4 0, 0, 1;
    %store/vec4 v0x586c862d9980_0, 0, 1;
    %fork TD_uart_rx_alone_tb.send_bit, S_0x586c862e1230;
    %join;
    %pushi/vec4 0, 0, 1;
    %store/vec4 v0x586c862d9980_0, 0, 1;
    %fork TD_uart_rx_alone_tb.send_bit, S_0x586c862e1230;
    %join;
    %pushi/vec4 1, 0, 1;
    %store/vec4 v0x586c862d9980_0, 0, 1;
    %fork TD_uart_rx_alone_tb.send_bit, S_0x586c862e1230;
    %join;
    %pushi/vec4 0, 0, 1;
    %store/vec4 v0x586c862d9980_0, 0, 1;
    %fork TD_uart_rx_alone_tb.send_bit, S_0x586c862e1230;
    %join;
    %pushi/vec4 1, 0, 1;
    %store/vec4 v0x586c862d9980_0, 0, 1;
    %fork TD_uart_rx_alone_tb.send_bit, S_0x586c862e1230;
    %join;
    %delay 1000000, 0;
    %vpi_call 2 92 "$display", "[%0t ns] Simulation finished successfully!", $time {0 0 0};
    %vpi_call 2 93 "$finish" {0 0 0};
    %end;
    .thread T_6;
    .scope S_0x586c862ddb60;
T_7 ;
    %wait E_0x586c862b1ff0;
    %load/vec4 v0x586c86314e90_0;
    %flag_set/vec4 8;
    %jmp/0xz  T_7.0, 8;
    %vpi_call 2 99 "$display", "[%0t ns] SUCCESS: Received Byte = 0x%h ('%c')", $time, v0x586c86314dc0_0, v0x586c86314dc0_0 {0 0 0};
T_7.0 ;
    %jmp T_7;
    .thread T_7;
# The file index is used to find the file name in the following table.
:file_names 4;
    "N/A";
    "<interactive>";
    "uart_rx_tb.v";
    "uart_rx.v";
